
> slider-button-card@1.13.0 test
> jest

'jest' is not recognized as an internal or external command,
operable program or batch file.
